// Jest Snapshot v1, https://goo.gl/fbAQLP

exports[`<Button /> renders correctly 1`] = `
.c0 {
  -webkit-align-items: center;
  -webkit-box-align: center;
  -ms-flex-align: center;
  align-items: center;
  background-color: #DDDDDD;
  color: #707070;
  cursor: pointer;
  display: -webkit-box;
  display: -webkit-flex;
  display: -ms-flexbox;
  display: flex;
  font-size: 16px;
  height: 48px;
  -webkit-box-pack: center;
  -webkit-justify-content: center;
  -ms-flex-pack: center;
  justify-content: center;
  outline: none;
  overflow: hidden;
  position: relative;
  border: none;
  padding: 0 40px;
}

.c0:disabled {
  cursor: not-allowed;
  opacity: 0.5;
}

<button
  className="c0"
  onClick={[MockFunction]}
>
  Button
</button>
`;
